// Jest Snapshot v1, https://goo.gl/fbAQLP

exports[`DevicesView should render the DevicesView correctly 1`] = `
<div
  class="layout-padding"
>
  <q-modal
    class="device-modal"
    content-css="[object Object]"
  >
    <q-tabs
      class="tab-container"
      no-pane-border=""
    >
      <q-tab
        default="default"
        label="Controls"
        name="controls"
      />
       
      <q-tab
        label="Settings"
        name="settings"
      />
       
      <q-tab
        label="About"
        name="about"
      />
       
      <q-icon
        class="x-close-button desktop-only"
        name="ion-close"
      />
       
      <q-tab-pane
        name="controls"
      >
        <q-list
          class="controls"
          no-border=""
        >
          <q-list-header>
            <h5>
              Controls
            </h5>
          </q-list-header>
           
          <div
            class="controls-container"
          >
            <!---->
            <!---->
             
            <q-btn
              class="close-btn desktop-only"
              color="primary"
            >
              Close
            </q-btn>
          </div>
        </q-list>
      </q-tab-pane>
       
      <q-tab-pane
        name="settings"
      >
        <q-list
          class="settings"
          no-border=""
        >
          <q-list-header>
            <h5>
              Settings
            </h5>
          </q-list-header>
        </q-list>
         
        <form>
          <q-field>
            <q-input
              stack-label="Device Alias"
              type="text"
            />
          </q-field>
           
          <q-field>
            <q-btn
              color="primary"
              icon="ion-ios-checkmark-outline"
            >
              Save
            </q-btn>
             
            <q-btn
              icon="ion-ios-arrow-thin-left"
              outline=""
            >
              Cancel
            </q-btn>
             
            <q-btn
              class="delete-device-btn float-right gt-md"
              color="red"
              icon="ion-ios-trash"
            >
              Delete
            </q-btn>
          </q-field>
        </form>
      </q-tab-pane>
       
      <q-tab-pane
        name="about"
      >
        <q-list
          class="about"
          no-border=""
        >
          <q-list-header>
            <h5>
              About
            </h5>
          </q-list-header>
           
          <p>
            Device Alias: test alias
          </p>
           
          <p>
            Device UUID: xyz123
          </p>
           
          <p>
            Device Info:
          </p>
           
          <q-list
            no-border=""
            separator=""
          >
            <q-item
              class="device-view__item"
              tag="p"
            >
              <strong>
                STATUS
              </strong>
              : ok
              
            </q-item>
          </q-list>
        </q-list>
      </q-tab-pane>
    </q-tabs>
     
    <q-btn
      class="fixed mobile-only"
      color="primary"
      round=""
      style="left: 18px; bottom: 18px;"
    >
      <q-icon
        name="ion-arrow-left-c"
      />
    </q-btn>
  </q-modal>
   
  <div
    class="row search-bar"
  >
    <div
      class="col-6"
    >
      <q-search
        placeholder="Search a device"
      >
        <q-autocomplete
          filter="function boundFn(a) {
    var l = arguments.length;
    return l
      ? l > 1
        ? fn.apply(ctx, arguments)
        : fn.call(ctx, a)
      : fn.call(ctx)
  }"
          separator=""
          static-data="[object Object]"
        />
      </q-search>
    </div>
  </div>
   
  <div
    class="row"
  >
    <!---->
    <!---->
  </div>
</div>
`;
